// Jest Snapshot v1, https://goo.gl/fbAQLP

exports[`Summary Component rendered successfully! 1`] = `
<div>
  <table>
    <thead>
      <tr>
        <th>
          ID
        </th>
        <th>
          Name
        </th>
      </tr>
    </thead>
    <tbody>
      <tr>
        <td>
          1
        </td>
        <td>
          user1
        </td>
        <td>
          <button
            type="button"
          >
            Delete
          </button>
        </td>
      </tr>
      <tr>
        <td>
          2
        </td>
        <td>
          user2
        </td>
        <td>
          <button
            type="button"
          >
            Delete
          </button>
        </td>
      </tr>
    </tbody>
  </table>
</div>
`;
